---
source: tests/tui_snapshot.rs
expression: view
---
  Pi (dummy/dummy-model)

  Assistant:

    Assistant reply 9



  You: User message 10

  Assistant:

    Assistant reply 10



  [81%] ↑/↓ PgUp/PgDn to scroll

  Enter: send  Shift+Enter: newline  Alt+Enter: multi-line  [thinking: off]
  │ > Type a message... (/help, /exit)
  │ >
  │ >

  Tokens: 0 in / 0 out  |  /help  |  Ctrl+C: quit
