---
source: tests/tui_snapshot.rs
assertion_line: 205
expression: view
---
  Pi (dummy/dummy-model)


  Assistant:

    Usage sample.



  [single-line] Enter to send (Shift+Enter: newline, Alt+Enter: multi-line)  [thinking: off]
  │ > Type your message... (Enter to send, Shift+Enter for newline, Ctrl+C twice to quit)
  │ >
  │ >

  Tokens: 120 in / 45 out ($0.0030)  |  Shift+Enter: newline  |  Alt+Enter: multi-line  |  /help  |  Ctrl+C: quit
